#-----------------------------------------------------------
# Vivado v2022.2 (64-bit)
# SW Build 3671981 on Fri Oct 14 04:59:54 MDT 2022
# IP Build 3669848 on Fri Oct 14 08:30:02 MDT 2022
# Start of session at: Wed Apr 19 11:51:40 2023
# Process ID: 917756
# Current directory: /home/guido/GitHub/EBAZ4205_SDR_spectrum/Vivado/Vivado.runs/ebaz4205_axis2c_combine_0_1_synth_1
# Command line: vivado -log ebaz4205_axis2c_combine_0_1.vds -product Vivado -mode batch -messageDb vivado.pb -notrace -source ebaz4205_axis2c_combine_0_1.tcl
# Log file: /home/guido/GitHub/EBAZ4205_SDR_spectrum/Vivado/Vivado.runs/ebaz4205_axis2c_combine_0_1_synth_1/ebaz4205_axis2c_combine_0_1.vds
# Journal file: /home/guido/GitHub/EBAZ4205_SDR_spectrum/Vivado/Vivado.runs/ebaz4205_axis2c_combine_0_1_synth_1/vivado.jou
# Running On: guido-UM690, OS: Linux, CPU Frequency: 1600.000 MHz, CPU Physical cores: 16, Host memory: 31270 MB
#-----------------------------------------------------------
source ebaz4205_axis2c_combine_0_1.tcl -notrace
