Copyright 1986-2022 Xilinx, Inc. All Rights Reserved.
---------------------------------------------------------------------------------------------------------------------------
| Tool Version : Vivado v.2022.2 (lin64) Build 3671981 Fri Oct 14 04:59:54 MDT 2022
| Date         : Wed May 31 20:45:37 2023
| Host         : guido-UM690 running 64-bit Ubuntu 20.04.6 LTS
| Command      : report_utilization -file ebaz4205_wrapper_utilization_synth.rpt -pb ebaz4205_wrapper_utilization_synth.pb
| Design       : ebaz4205_wrapper
| Device       : xc7z010clg400-1
| Speed File   : -1
| Design State : Synthesized
---------------------------------------------------------------------------------------------------------------------------

Utilization Design Information

Table of Contents
-----------------
1. Slice Logic
1.1 Summary of Registers by Type
2. Memory
3. DSP
4. IO and GT Specific
5. Clocking
6. Specific Feature
7. Primitives
8. Black Boxes
9. Instantiated Netlists

1. Slice Logic
--------------

+----------------------------+-------+-------+------------+-----------+-------+
|          Site Type         |  Used | Fixed | Prohibited | Available | Util% |
+----------------------------+-------+-------+------------+-----------+-------+
| Slice LUTs*                | 15243 |     0 |          0 |     17600 | 86.61 |
|   LUT as Logic             | 11960 |     0 |          0 |     17600 | 67.95 |
|   LUT as Memory            |  3283 |     0 |          0 |      6000 | 54.72 |
|     LUT as Distributed RAM |   244 |     0 |            |           |       |
|     LUT as Shift Register  |  3039 |     0 |            |           |       |
| Slice Registers            | 21191 |     0 |          0 |     35200 | 60.20 |
|   Register as Flip Flop    | 21191 |     0 |          0 |     35200 | 60.20 |
|   Register as Latch        |     0 |     0 |          0 |     35200 |  0.00 |
| F7 Muxes                   |   239 |     0 |          0 |      8800 |  2.72 |
| F8 Muxes                   |    16 |     0 |          0 |      4400 |  0.36 |
+----------------------------+-------+-------+------------+-----------+-------+
* Warning! The Final LUT count, after physical optimizations and full implementation, is typically lower. Run opt_design after synthesis, if not already completed, for a more realistic count.
Warning! LUT value is adjusted to account for LUT combining.


1.1 Summary of Registers by Type
--------------------------------

+-------+--------------+-------------+--------------+
| Total | Clock Enable | Synchronous | Asynchronous |
+-------+--------------+-------------+--------------+
| 0     |            _ |           - |            - |
| 0     |            _ |           - |          Set |
| 0     |            _ |           - |        Reset |
| 0     |            _ |         Set |            - |
| 0     |            _ |       Reset |            - |
| 0     |          Yes |           - |            - |
| 68    |          Yes |           - |          Set |
| 279   |          Yes |           - |        Reset |
| 607   |          Yes |         Set |            - |
| 20237 |          Yes |       Reset |            - |
+-------+--------------+-------------+--------------+


2. Memory
---------

+-------------------+------+-------+------------+-----------+-------+
|     Site Type     | Used | Fixed | Prohibited | Available | Util% |
+-------------------+------+-------+------------+-----------+-------+
| Block RAM Tile    |   44 |     0 |          0 |        60 | 73.33 |
|   RAMB36/FIFO*    |   42 |     0 |          0 |        60 | 70.00 |
|     RAMB36E1 only |   42 |       |            |           |       |
|   RAMB18          |    4 |     0 |          0 |       120 |  3.33 |
|     RAMB18E1 only |    4 |       |            |           |       |
+-------------------+------+-------+------------+-----------+-------+
* Note: Each Block RAM Tile only has one FIFO logic available and therefore can accommodate only one FIFO36E1 or one FIFO18E1. However, if a FIFO18E1 occupies a Block RAM Tile, that tile can still accommodate a RAMB18E1


3. DSP
------

+----------------+------+-------+------------+-----------+-------+
|    Site Type   | Used | Fixed | Prohibited | Available | Util% |
+----------------+------+-------+------------+-----------+-------+
| DSPs           |   73 |     0 |          0 |        80 | 91.25 |
|   DSP48E1 only |   73 |       |            |           |       |
+----------------+------+-------+------------+-----------+-------+


4. IO and GT Specific
---------------------

+-----------------------------+------+-------+------------+-----------+--------+
|          Site Type          | Used | Fixed | Prohibited | Available |  Util% |
+-----------------------------+------+-------+------------+-----------+--------+
| Bonded IOB                  |   45 |     0 |          0 |       100 |  45.00 |
| Bonded IPADs                |    0 |     0 |          0 |         2 |   0.00 |
| Bonded IOPADs               |  130 |     0 |          0 |       130 | 100.00 |
| PHY_CONTROL                 |    0 |     0 |          0 |         2 |   0.00 |
| PHASER_REF                  |    0 |     0 |          0 |         2 |   0.00 |
| OUT_FIFO                    |    0 |     0 |          0 |         8 |   0.00 |
| IN_FIFO                     |    0 |     0 |          0 |         8 |   0.00 |
| IDELAYCTRL                  |    0 |     0 |          0 |         2 |   0.00 |
| IBUFDS                      |    0 |     0 |          0 |        96 |   0.00 |
| PHASER_OUT/PHASER_OUT_PHY   |    0 |     0 |          0 |         8 |   0.00 |
| PHASER_IN/PHASER_IN_PHY     |    0 |     0 |          0 |         8 |   0.00 |
| IDELAYE2/IDELAYE2_FINEDELAY |    0 |     0 |          0 |       100 |   0.00 |
| ILOGIC                      |    0 |     0 |          0 |       100 |   0.00 |
| OLOGIC                      |    8 |     0 |          0 |       100 |   8.00 |
|   OSERDES                   |    8 |       |          0 |       100 |        |
+-----------------------------+------+-------+------------+-----------+--------+


5. Clocking
-----------

+--------------+------+-------+------------+-----------+--------+
|   Site Type  | Used | Fixed | Prohibited | Available |  Util% |
+--------------+------+-------+------------+-----------+--------+
| BUFGCTRL     |   13 |     0 |          0 |        32 |  40.63 |
| BUFIO        |    1 |     0 |          0 |         8 |  12.50 |
|   BUFIO only |    1 |     0 |            |           |        |
| MMCME2_ADV   |    2 |     0 |          0 |         2 | 100.00 |
| PLLE2_ADV    |    2 |     0 |          0 |         2 | 100.00 |
| BUFMRCE      |    0 |     0 |          0 |         4 |   0.00 |
| BUFHCE       |    0 |     0 |          0 |        48 |   0.00 |
| BUFR         |    1 |     0 |          0 |         8 |  12.50 |
+--------------+------+-------+------------+-----------+--------+


6. Specific Feature
-------------------

+-------------+------+-------+------------+-----------+-------+
|  Site Type  | Used | Fixed | Prohibited | Available | Util% |
+-------------+------+-------+------------+-----------+-------+
| BSCANE2     |    0 |     0 |          0 |         4 |  0.00 |
| CAPTUREE2   |    0 |     0 |          0 |         1 |  0.00 |
| DNA_PORT    |    0 |     0 |          0 |         1 |  0.00 |
| EFUSE_USR   |    0 |     0 |          0 |         1 |  0.00 |
| FRAME_ECCE2 |    0 |     0 |          0 |         1 |  0.00 |
| ICAPE2      |    0 |     0 |          0 |         2 |  0.00 |
| STARTUPE2   |    0 |     0 |          0 |         1 |  0.00 |
| XADC        |    0 |     0 |          0 |         1 |  0.00 |
+-------------+------+-------+------------+-----------+-------+


7. Primitives
-------------

+------------+-------+----------------------+
|  Ref Name  |  Used |  Functional Category |
+------------+-------+----------------------+
| FDRE       | 20237 |         Flop & Latch |
| LUT6       |  3814 |                  LUT |
| LUT2       |  3409 |                  LUT |
| SRL16E     |  2646 |   Distributed Memory |
| LUT5       |  2507 |                  LUT |
| LUT4       |  2201 |                  LUT |
| LUT3       |  2168 |                  LUT |
| CARRY4     |   995 |           CarryLogic |
| LUT1       |   752 |                  LUT |
| FDSE       |   607 |         Flop & Latch |
| SRLC32E    |   393 |   Distributed Memory |
| RAMD32     |   282 |   Distributed Memory |
| FDCE       |   279 |         Flop & Latch |
| MUXF7      |   239 |                MuxFx |
| BIBUF      |   130 |                   IO |
| DSP48E1    |    73 |     Block Arithmetic |
| FDPE       |    68 |         Flop & Latch |
| RAMB36E1   |    42 |         Block Memory |
| RAMS32     |    38 |   Distributed Memory |
| IBUF       |    24 |                   IO |
| MUXF8      |    16 |                MuxFx |
| OBUF       |    13 |                   IO |
| BUFG       |    13 |                Clock |
| OSERDESE2  |     8 |                   IO |
| RAMB18E1   |     4 |         Block Memory |
| OBUFDS     |     4 |                   IO |
| OBUFT      |     3 |                   IO |
| PLLE2_ADV  |     2 |                Clock |
| MMCME2_ADV |     2 |                Clock |
| PS7        |     1 | Specialized Resource |
| BUFR       |     1 |                Clock |
| BUFIO      |     1 |                Clock |
+------------+-------+----------------------+


8. Black Boxes
--------------

+----------+------+
| Ref Name | Used |
+----------+------+


9. Instantiated Netlists
------------------------

+----------+------+
| Ref Name | Used |
+----------+------+


